I'm sorry, but errors were detected in your script. Please correct the
errors listed below, and try again.


File "game/script.rpy", line 10: end of line expected.
    show albert with dissolve at right
                              ^

Ren'Py Version: Ren'Py 7.3.5.606
Fri Nov 20 19:43:19 2020
